// Jest Snapshot v1, https://goo.gl/fbAQLP

exports[`<MainContainer /> should render and match snapshot 1`] = `
ShallowWrapper {
  Symbol(enzyme.__root__): [Circular],
  Symbol(enzyme.__unrendered__): <MainContainer
    mainContainerActions={
      Object {
        "fetchTaskList": [MockFunction] {
          "calls": Array [
            Array [
              "",
            ],
          ],
          "results": Array [
            Object {
              "isThrow": false,
              "value": undefined,
            },
          ],
        },
        "setTaskListRef": [MockFunction],
      }
    }
    taskList={Array []}
  />,
  Symbol(enzyme.__renderer__): Object {
    "batchedUpdates": [Function],
    "checkPropTypes": [Function],
    "getNode": [Function],
    "render": [Function],
    "simulateError": [Function],
    "simulateEvent": [Function],
    "unmount": [Function],
  },
  Symbol(enzyme.__node__): Object {
    "instance": null,
    "key": undefined,
    "nodeType": "function",
    "props": Object {
      "as": "div",
      "children": Array [
        <ForwardRef(render)
          className="mt-3 justify-content-center"
        >
          <ForwardRef
            as="div"
            md={10}
          >
            <UNDEFINED />
          </ForwardRef>
        </ForwardRef(render)>,
        <ForwardRef(render)
          className="mt-3 mb-3 mx-md-4 mx-lg-5"
          data-test="columnsRow"
        >
          <ForwardRef
            as="div"
            md={4}
          >
            <UNDEFINED
              sortedTasks={Array []}
              title="To Do"
            />
          </ForwardRef>
          <ForwardRef
            as="div"
            md={4}
          >
            <UNDEFINED
              sortedTasks={Array []}
              title="In Progress"
            />
          </ForwardRef>
          <ForwardRef
            as="div"
            md={4}
          >
            <UNDEFINED
              sortedTasks={Array []}
              title="Done"
            />
          </ForwardRef>
        </ForwardRef(render)>,
        <ForwardRef(render)
          className="justify-content-center"
        >
          <ForwardRef
            as="div"
            className="delete-zone"
            id="delete-zone"
            md={3}
            onDragEnter={[Function]}
            onDrop={[Function]}
            xs={10}
          >
            <img
              alt="Delete"
              className="delete-can"
              draggable="false"
              id="delete-can"
              src="trash.svg"
            />
          </ForwardRef>
        </ForwardRef(render)>,
      ],
      "fluid": "true",
    },
    "ref": null,
    "rendered": Array [
      Object {
        "instance": null,
        "key": undefined,
        "nodeType": "function",
        "props": Object {
          "children": <ForwardRef
            as="div"
            md={10}
          >
            <UNDEFINED />
          </ForwardRef>,
          "className": "mt-3 justify-content-center",
        },
        "ref": null,
        "rendered": Object {
          "instance": null,
          "key": undefined,
          "nodeType": "function",
          "props": Object {
            "as": "div",
            "children": <UNDEFINED />,
            "md": 10,
          },
          "ref": null,
          "rendered": Object {
            "instance": null,
            "key": undefined,
            "nodeType": "function",
            "props": Object {},
            "ref": null,
            "rendered": null,
            "type": Object {
              "$$typeof": Symbol(react.memo),
              "WrappedComponent": [Function],
              "compare": null,
              "displayName": "Connect(MainInput)",
              "type": [Function],
              Symbol(Symbol.hasInstance): [Function],
            },
          },
          "type": Object {
            "$$typeof": Symbol(react.forward_ref),
            "defaultProps": Object {
              "as": "div",
            },
            "displayName": "Col",
            "render": [Function],
          },
        },
        "type": Object {
          "$$typeof": Symbol(react.forward_ref),
          "defaultProps": undefined,
          "displayName": "Bootstrap(Row)",
          "propTypes": undefined,
          "render": [Function],
        },
      },
      Object {
        "instance": null,
        "key": undefined,
        "nodeType": "function",
        "props": Object {
          "children": Array [
            <ForwardRef
              as="div"
              md={4}
            >
              <UNDEFINED
                sortedTasks={Array []}
                title="To Do"
              />
            </ForwardRef>,
            <ForwardRef
              as="div"
              md={4}
            >
              <UNDEFINED
                sortedTasks={Array []}
                title="In Progress"
              />
            </ForwardRef>,
            <ForwardRef
              as="div"
              md={4}
            >
              <UNDEFINED
                sortedTasks={Array []}
                title="Done"
              />
            </ForwardRef>,
          ],
          "className": "mt-3 mb-3 mx-md-4 mx-lg-5",
          "data-test": "columnsRow",
        },
        "ref": null,
        "rendered": Array [
          Object {
            "instance": null,
            "key": undefined,
            "nodeType": "function",
            "props": Object {
              "as": "div",
              "children": <UNDEFINED
                sortedTasks={Array []}
                title="To Do"
              />,
              "md": 4,
            },
            "ref": null,
            "rendered": Object {
              "instance": null,
              "key": undefined,
              "nodeType": "function",
              "props": Object {
                "handleTaskDrop": undefined,
                "sortedTasks": Array [],
                "title": "To Do",
              },
              "ref": null,
              "rendered": null,
              "type": Object {
                "$$typeof": Symbol(react.memo),
                "WrappedComponent": [Function],
                "compare": null,
                "displayName": "Connect(TasksColumn)",
                "type": [Function],
                Symbol(Symbol.hasInstance): [Function],
              },
            },
            "type": Object {
              "$$typeof": Symbol(react.forward_ref),
              "defaultProps": Object {
                "as": "div",
              },
              "displayName": "Col",
              "render": [Function],
            },
          },
          Object {
            "instance": null,
            "key": undefined,
            "nodeType": "function",
            "props": Object {
              "as": "div",
              "children": <UNDEFINED
                sortedTasks={Array []}
                title="In Progress"
              />,
              "md": 4,
            },
            "ref": null,
            "rendered": Object {
              "instance": null,
              "key": undefined,
              "nodeType": "function",
              "props": Object {
                "handleTaskDrop": undefined,
                "sortedTasks": Array [],
                "title": "In Progress",
              },
              "ref": null,
              "rendered": null,
              "type": Object {
                "$$typeof": Symbol(react.memo),
                "WrappedComponent": [Function],
                "compare": null,
                "displayName": "Connect(TasksColumn)",
                "type": [Function],
                Symbol(Symbol.hasInstance): [Function],
              },
            },
            "type": Object {
              "$$typeof": Symbol(react.forward_ref),
              "defaultProps": Object {
                "as": "div",
              },
              "displayName": "Col",
              "render": [Function],
            },
          },
          Object {
            "instance": null,
            "key": undefined,
            "nodeType": "function",
            "props": Object {
              "as": "div",
              "children": <UNDEFINED
                sortedTasks={Array []}
                title="Done"
              />,
              "md": 4,
            },
            "ref": null,
            "rendered": Object {
              "instance": null,
              "key": undefined,
              "nodeType": "function",
              "props": Object {
                "handleTaskDrop": undefined,
                "sortedTasks": Array [],
                "title": "Done",
              },
              "ref": null,
              "rendered": null,
              "type": Object {
                "$$typeof": Symbol(react.memo),
                "WrappedComponent": [Function],
                "compare": null,
                "displayName": "Connect(TasksColumn)",
                "type": [Function],
                Symbol(Symbol.hasInstance): [Function],
              },
            },
            "type": Object {
              "$$typeof": Symbol(react.forward_ref),
              "defaultProps": Object {
                "as": "div",
              },
              "displayName": "Col",
              "render": [Function],
            },
          },
        ],
        "type": Object {
          "$$typeof": Symbol(react.forward_ref),
          "defaultProps": undefined,
          "displayName": "Bootstrap(Row)",
          "propTypes": undefined,
          "render": [Function],
        },
      },
      Object {
        "instance": null,
        "key": undefined,
        "nodeType": "function",
        "props": Object {
          "children": <ForwardRef
            as="div"
            className="delete-zone"
            id="delete-zone"
            md={3}
            onDragEnter={[Function]}
            onDrop={[Function]}
            xs={10}
          >
            <img
              alt="Delete"
              className="delete-can"
              draggable="false"
              id="delete-can"
              src="trash.svg"
            />
          </ForwardRef>,
          "className": "justify-content-center",
        },
        "ref": null,
        "rendered": Object {
          "instance": null,
          "key": undefined,
          "nodeType": "function",
          "props": Object {
            "as": "div",
            "children": <img
              alt="Delete"
              className="delete-can"
              draggable="false"
              id="delete-can"
              src="trash.svg"
            />,
            "className": "delete-zone",
            "id": "delete-zone",
            "md": 3,
            "onDragEnter": [Function],
            "onDrop": [Function],
            "xs": 10,
          },
          "ref": null,
          "rendered": Object {
            "instance": null,
            "key": undefined,
            "nodeType": "host",
            "props": Object {
              "alt": "Delete",
              "className": "delete-can",
              "draggable": "false",
              "id": "delete-can",
              "src": "trash.svg",
            },
            "ref": null,
            "rendered": null,
            "type": "img",
          },
          "type": Object {
            "$$typeof": Symbol(react.forward_ref),
            "defaultProps": Object {
              "as": "div",
            },
            "displayName": "Col",
            "render": [Function],
          },
        },
        "type": Object {
          "$$typeof": Symbol(react.forward_ref),
          "defaultProps": undefined,
          "displayName": "Bootstrap(Row)",
          "propTypes": undefined,
          "render": [Function],
        },
      },
    ],
    "type": Object {
      "$$typeof": Symbol(react.forward_ref),
      "defaultProps": Object {
        "as": "div",
        "fluid": false,
      },
      "displayName": "Container",
      "render": [Function],
    },
  },
  Symbol(enzyme.__nodes__): Array [
    Object {
      "instance": null,
      "key": undefined,
      "nodeType": "function",
      "props": Object {
        "as": "div",
        "children": Array [
          <ForwardRef(render)
            className="mt-3 justify-content-center"
          >
            <ForwardRef
              as="div"
              md={10}
            >
              <UNDEFINED />
            </ForwardRef>
          </ForwardRef(render)>,
          <ForwardRef(render)
            className="mt-3 mb-3 mx-md-4 mx-lg-5"
            data-test="columnsRow"
          >
            <ForwardRef
              as="div"
              md={4}
            >
              <UNDEFINED
                sortedTasks={Array []}
                title="To Do"
              />
            </ForwardRef>
            <ForwardRef
              as="div"
              md={4}
            >
              <UNDEFINED
                sortedTasks={Array []}
                title="In Progress"
              />
            </ForwardRef>
            <ForwardRef
              as="div"
              md={4}
            >
              <UNDEFINED
                sortedTasks={Array []}
                title="Done"
              />
            </ForwardRef>
          </ForwardRef(render)>,
          <ForwardRef(render)
            className="justify-content-center"
          >
            <ForwardRef
              as="div"
              className="delete-zone"
              id="delete-zone"
              md={3}
              onDragEnter={[Function]}
              onDrop={[Function]}
              xs={10}
            >
              <img
                alt="Delete"
                className="delete-can"
                draggable="false"
                id="delete-can"
                src="trash.svg"
              />
            </ForwardRef>
          </ForwardRef(render)>,
        ],
        "fluid": "true",
      },
      "ref": null,
      "rendered": Array [
        Object {
          "instance": null,
          "key": undefined,
          "nodeType": "function",
          "props": Object {
            "children": <ForwardRef
              as="div"
              md={10}
            >
              <UNDEFINED />
            </ForwardRef>,
            "className": "mt-3 justify-content-center",
          },
          "ref": null,
          "rendered": Object {
            "instance": null,
            "key": undefined,
            "nodeType": "function",
            "props": Object {
              "as": "div",
              "children": <UNDEFINED />,
              "md": 10,
            },
            "ref": null,
            "rendered": Object {
              "instance": null,
              "key": undefined,
              "nodeType": "function",
              "props": Object {},
              "ref": null,
              "rendered": null,
              "type": Object {
                "$$typeof": Symbol(react.memo),
                "WrappedComponent": [Function],
                "compare": null,
                "displayName": "Connect(MainInput)",
                "type": [Function],
                Symbol(Symbol.hasInstance): [Function],
              },
            },
            "type": Object {
              "$$typeof": Symbol(react.forward_ref),
              "defaultProps": Object {
                "as": "div",
              },
              "displayName": "Col",
              "render": [Function],
            },
          },
          "type": Object {
            "$$typeof": Symbol(react.forward_ref),
            "defaultProps": undefined,
            "displayName": "Bootstrap(Row)",
            "propTypes": undefined,
            "render": [Function],
          },
        },
        Object {
          "instance": null,
          "key": undefined,
          "nodeType": "function",
          "props": Object {
            "children": Array [
              <ForwardRef
                as="div"
                md={4}
              >
                <UNDEFINED
                  sortedTasks={Array []}
                  title="To Do"
                />
              </ForwardRef>,
              <ForwardRef
                as="div"
                md={4}
              >
                <UNDEFINED
                  sortedTasks={Array []}
                  title="In Progress"
                />
              </ForwardRef>,
              <ForwardRef
                as="div"
                md={4}
              >
                <UNDEFINED
                  sortedTasks={Array []}
                  title="Done"
                />
              </ForwardRef>,
            ],
            "className": "mt-3 mb-3 mx-md-4 mx-lg-5",
            "data-test": "columnsRow",
          },
          "ref": null,
          "rendered": Array [
            Object {
              "instance": null,
              "key": undefined,
              "nodeType": "function",
              "props": Object {
                "as": "div",
                "children": <UNDEFINED
                  sortedTasks={Array []}
                  title="To Do"
                />,
                "md": 4,
              },
              "ref": null,
              "rendered": Object {
                "instance": null,
                "key": undefined,
                "nodeType": "function",
                "props": Object {
                  "handleTaskDrop": undefined,
                  "sortedTasks": Array [],
                  "title": "To Do",
                },
                "ref": null,
                "rendered": null,
                "type": Object {
                  "$$typeof": Symbol(react.memo),
                  "WrappedComponent": [Function],
                  "compare": null,
                  "displayName": "Connect(TasksColumn)",
                  "type": [Function],
                  Symbol(Symbol.hasInstance): [Function],
                },
              },
              "type": Object {
                "$$typeof": Symbol(react.forward_ref),
                "defaultProps": Object {
                  "as": "div",
                },
                "displayName": "Col",
                "render": [Function],
              },
            },
            Object {
              "instance": null,
              "key": undefined,
              "nodeType": "function",
              "props": Object {
                "as": "div",
                "children": <UNDEFINED
                  sortedTasks={Array []}
                  title="In Progress"
                />,
                "md": 4,
              },
              "ref": null,
              "rendered": Object {
                "instance": null,
                "key": undefined,
                "nodeType": "function",
                "props": Object {
                  "handleTaskDrop": undefined,
                  "sortedTasks": Array [],
                  "title": "In Progress",
                },
                "ref": null,
                "rendered": null,
                "type": Object {
                  "$$typeof": Symbol(react.memo),
                  "WrappedComponent": [Function],
                  "compare": null,
                  "displayName": "Connect(TasksColumn)",
                  "type": [Function],
                  Symbol(Symbol.hasInstance): [Function],
                },
              },
              "type": Object {
                "$$typeof": Symbol(react.forward_ref),
                "defaultProps": Object {
                  "as": "div",
                },
                "displayName": "Col",
                "render": [Function],
              },
            },
            Object {
              "instance": null,
              "key": undefined,
              "nodeType": "function",
              "props": Object {
                "as": "div",
                "children": <UNDEFINED
                  sortedTasks={Array []}
                  title="Done"
                />,
                "md": 4,
              },
              "ref": null,
              "rendered": Object {
                "instance": null,
                "key": undefined,
                "nodeType": "function",
                "props": Object {
                  "handleTaskDrop": undefined,
                  "sortedTasks": Array [],
                  "title": "Done",
                },
                "ref": null,
                "rendered": null,
                "type": Object {
                  "$$typeof": Symbol(react.memo),
                  "WrappedComponent": [Function],
                  "compare": null,
                  "displayName": "Connect(TasksColumn)",
                  "type": [Function],
                  Symbol(Symbol.hasInstance): [Function],
                },
              },
              "type": Object {
                "$$typeof": Symbol(react.forward_ref),
                "defaultProps": Object {
                  "as": "div",
                },
                "displayName": "Col",
                "render": [Function],
              },
            },
          ],
          "type": Object {
            "$$typeof": Symbol(react.forward_ref),
            "defaultProps": undefined,
            "displayName": "Bootstrap(Row)",
            "propTypes": undefined,
            "render": [Function],
          },
        },
        Object {
          "instance": null,
          "key": undefined,
          "nodeType": "function",
          "props": Object {
            "children": <ForwardRef
              as="div"
              className="delete-zone"
              id="delete-zone"
              md={3}
              onDragEnter={[Function]}
              onDrop={[Function]}
              xs={10}
            >
              <img
                alt="Delete"
                className="delete-can"
                draggable="false"
                id="delete-can"
                src="trash.svg"
              />
            </ForwardRef>,
            "className": "justify-content-center",
          },
          "ref": null,
          "rendered": Object {
            "instance": null,
            "key": undefined,
            "nodeType": "function",
            "props": Object {
              "as": "div",
              "children": <img
                alt="Delete"
                className="delete-can"
                draggable="false"
                id="delete-can"
                src="trash.svg"
              />,
              "className": "delete-zone",
              "id": "delete-zone",
              "md": 3,
              "onDragEnter": [Function],
              "onDrop": [Function],
              "xs": 10,
            },
            "ref": null,
            "rendered": Object {
              "instance": null,
              "key": undefined,
              "nodeType": "host",
              "props": Object {
                "alt": "Delete",
                "className": "delete-can",
                "draggable": "false",
                "id": "delete-can",
                "src": "trash.svg",
              },
              "ref": null,
              "rendered": null,
              "type": "img",
            },
            "type": Object {
              "$$typeof": Symbol(react.forward_ref),
              "defaultProps": Object {
                "as": "div",
              },
              "displayName": "Col",
              "render": [Function],
            },
          },
          "type": Object {
            "$$typeof": Symbol(react.forward_ref),
            "defaultProps": undefined,
            "displayName": "Bootstrap(Row)",
            "propTypes": undefined,
            "render": [Function],
          },
        },
      ],
      "type": Object {
        "$$typeof": Symbol(react.forward_ref),
        "defaultProps": Object {
          "as": "div",
          "fluid": false,
        },
        "displayName": "Container",
        "render": [Function],
      },
    },
  ],
  Symbol(enzyme.__options__): Object {
    "adapter": ReactSixteenAdapter {
      "options": Object {
        "enableComponentDidUpdateOnSetState": true,
        "legacyContextMode": "parent",
        "lifecycles": Object {
          "componentDidUpdate": Object {
            "onSetState": true,
          },
          "getChildContext": Object {
            "calledByRenderer": false,
          },
          "getDerivedStateFromError": true,
          "getDerivedStateFromProps": Object {
            "hasShouldComponentUpdateBug": false,
          },
          "getSnapshotBeforeUpdate": true,
          "setState": Object {
            "skipsComponentDidUpdateOnNullish": true,
          },
        },
      },
    },
  },
  Symbol(enzyme.__childContext__): null,
}
`;
