// Jest Snapshot v1, https://goo.gl/fbAQLP

exports[`<SortList /> should render and match snapshot 1`] = `
initialize {
  "0": Object {
    "attribs": Object {
      "class": "dropdown-pull-up dropdown",
    },
    "children": Array [
      Object {
        "attribs": Object {
          "aria-expanded": "false",
          "aria-haspopup": "true",
          "class": "btn-no-outline no-arrow dropdown-toggle btn btn-none btn-sm",
          "type": "button",
        },
        "children": Array [
          Object {
            "attribs": Object {},
            "children": Array [
              Object {
                "data": "sort.svg",
                "next": null,
                "parent": [Circular],
                "prev": null,
                "type": "text",
              },
            ],
            "name": "svg",
            "namespace": "http://www.w3.org/2000/svg",
            "next": null,
            "parent": [Circular],
            "prev": null,
            "type": "tag",
            "x-attribsNamespace": Object {},
            "x-attribsPrefix": Object {},
          },
        ],
        "name": "button",
        "namespace": "http://www.w3.org/1999/xhtml",
        "next": null,
        "parent": [Circular],
        "prev": null,
        "type": "tag",
        "x-attribsNamespace": Object {
          "aria-expanded": undefined,
          "aria-haspopup": undefined,
          "class": undefined,
          "type": undefined,
        },
        "x-attribsPrefix": Object {
          "aria-expanded": undefined,
          "aria-haspopup": undefined,
          "class": undefined,
          "type": undefined,
        },
      },
    ],
    "name": "div",
    "namespace": "http://www.w3.org/1999/xhtml",
    "next": null,
    "parent": null,
    "prev": null,
    "root": Object {
      "attribs": Object {},
      "children": Array [
        [Circular],
      ],
      "name": "root",
      "namespace": "http://www.w3.org/1999/xhtml",
      "next": null,
      "parent": null,
      "prev": null,
      "type": "root",
      "x-attribsNamespace": Object {},
      "x-attribsPrefix": Object {},
    },
    "type": "tag",
    "x-attribsNamespace": Object {
      "class": undefined,
    },
    "x-attribsPrefix": Object {
      "class": undefined,
    },
  },
  "_root": [Circular],
  "length": 1,
  "options": Object {
    "decodeEntities": true,
    "normalizeWhitespace": false,
    "withDomLvl1": true,
    "xml": false,
  },
}
`;
