// Jest Snapshot v1, https://goo.gl/fbAQLP

exports[`<TaskColumn /> should render and match snapshot 1`] = `
initialize {
  "0": Object {
    "attribs": Object {
      "class": "tasks-column rounded mb-4 mb-lg-0",
    },
    "children": Array [
      Object {
        "attribs": Object {
          "class": "tasks-column-invalid-title",
          "data-test": "columnTitle",
        },
        "children": Array [],
        "name": "h1",
        "namespace": "http://www.w3.org/1999/xhtml",
        "next": Object {
          "attribs": Object {
            "class": "task-items-container h-100 px-4 pb-4 container-fluid",
            "data-test": "taskItemsContainer",
          },
          "children": Array [
            Object {
              "attribs": Object {
                "class": "dropdown-pull-up dropdown",
              },
              "children": Array [
                Object {
                  "attribs": Object {
                    "aria-expanded": "false",
                    "aria-haspopup": "true",
                    "class": "btn-no-outline no-arrow dropdown-toggle btn btn-none btn-sm",
                    "type": "button",
                  },
                  "children": Array [
                    Object {
                      "attribs": Object {
                        "fill": "#4e1aeb",
                      },
                      "children": Array [
                        Object {
                          "data": "sort.svg",
                          "next": null,
                          "parent": [Circular],
                          "prev": null,
                          "type": "text",
                        },
                      ],
                      "name": "svg",
                      "namespace": "http://www.w3.org/2000/svg",
                      "next": null,
                      "parent": [Circular],
                      "prev": null,
                      "type": "tag",
                      "x-attribsNamespace": Object {
                        "fill": undefined,
                      },
                      "x-attribsPrefix": Object {
                        "fill": undefined,
                      },
                    },
                  ],
                  "name": "button",
                  "namespace": "http://www.w3.org/1999/xhtml",
                  "next": null,
                  "parent": [Circular],
                  "prev": null,
                  "type": "tag",
                  "x-attribsNamespace": Object {
                    "aria-expanded": undefined,
                    "aria-haspopup": undefined,
                    "class": undefined,
                    "type": undefined,
                  },
                  "x-attribsPrefix": Object {
                    "aria-expanded": undefined,
                    "aria-haspopup": undefined,
                    "class": undefined,
                    "type": undefined,
                  },
                },
              ],
              "name": "div",
              "namespace": "http://www.w3.org/1999/xhtml",
              "next": Object {
                "attribs": Object {},
                "children": Array [],
                "name": "div",
                "namespace": "http://www.w3.org/1999/xhtml",
                "next": null,
                "parent": [Circular],
                "prev": [Circular],
                "type": "tag",
                "x-attribsNamespace": Object {},
                "x-attribsPrefix": Object {},
              },
              "parent": [Circular],
              "prev": null,
              "type": "tag",
              "x-attribsNamespace": Object {
                "class": undefined,
              },
              "x-attribsPrefix": Object {
                "class": undefined,
              },
            },
            Object {
              "attribs": Object {},
              "children": Array [],
              "name": "div",
              "namespace": "http://www.w3.org/1999/xhtml",
              "next": null,
              "parent": [Circular],
              "prev": Object {
                "attribs": Object {
                  "class": "dropdown-pull-up dropdown",
                },
                "children": Array [
                  Object {
                    "attribs": Object {
                      "aria-expanded": "false",
                      "aria-haspopup": "true",
                      "class": "btn-no-outline no-arrow dropdown-toggle btn btn-none btn-sm",
                      "type": "button",
                    },
                    "children": Array [
                      Object {
                        "attribs": Object {
                          "fill": "#4e1aeb",
                        },
                        "children": Array [
                          Object {
                            "data": "sort.svg",
                            "next": null,
                            "parent": [Circular],
                            "prev": null,
                            "type": "text",
                          },
                        ],
                        "name": "svg",
                        "namespace": "http://www.w3.org/2000/svg",
                        "next": null,
                        "parent": [Circular],
                        "prev": null,
                        "type": "tag",
                        "x-attribsNamespace": Object {
                          "fill": undefined,
                        },
                        "x-attribsPrefix": Object {
                          "fill": undefined,
                        },
                      },
                    ],
                    "name": "button",
                    "namespace": "http://www.w3.org/1999/xhtml",
                    "next": null,
                    "parent": [Circular],
                    "prev": null,
                    "type": "tag",
                    "x-attribsNamespace": Object {
                      "aria-expanded": undefined,
                      "aria-haspopup": undefined,
                      "class": undefined,
                      "type": undefined,
                    },
                    "x-attribsPrefix": Object {
                      "aria-expanded": undefined,
                      "aria-haspopup": undefined,
                      "class": undefined,
                      "type": undefined,
                    },
                  },
                ],
                "name": "div",
                "namespace": "http://www.w3.org/1999/xhtml",
                "next": [Circular],
                "parent": [Circular],
                "prev": null,
                "type": "tag",
                "x-attribsNamespace": Object {
                  "class": undefined,
                },
                "x-attribsPrefix": Object {
                  "class": undefined,
                },
              },
              "type": "tag",
              "x-attribsNamespace": Object {},
              "x-attribsPrefix": Object {},
            },
          ],
          "name": "div",
          "namespace": "http://www.w3.org/1999/xhtml",
          "next": null,
          "parent": [Circular],
          "prev": [Circular],
          "type": "tag",
          "x-attribsNamespace": Object {
            "class": undefined,
            "data-test": undefined,
          },
          "x-attribsPrefix": Object {
            "class": undefined,
            "data-test": undefined,
          },
        },
        "parent": [Circular],
        "prev": null,
        "type": "tag",
        "x-attribsNamespace": Object {
          "class": undefined,
          "data-test": undefined,
        },
        "x-attribsPrefix": Object {
          "class": undefined,
          "data-test": undefined,
        },
      },
      Object {
        "attribs": Object {
          "class": "task-items-container h-100 px-4 pb-4 container-fluid",
          "data-test": "taskItemsContainer",
        },
        "children": Array [
          Object {
            "attribs": Object {
              "class": "dropdown-pull-up dropdown",
            },
            "children": Array [
              Object {
                "attribs": Object {
                  "aria-expanded": "false",
                  "aria-haspopup": "true",
                  "class": "btn-no-outline no-arrow dropdown-toggle btn btn-none btn-sm",
                  "type": "button",
                },
                "children": Array [
                  Object {
                    "attribs": Object {
                      "fill": "#4e1aeb",
                    },
                    "children": Array [
                      Object {
                        "data": "sort.svg",
                        "next": null,
                        "parent": [Circular],
                        "prev": null,
                        "type": "text",
                      },
                    ],
                    "name": "svg",
                    "namespace": "http://www.w3.org/2000/svg",
                    "next": null,
                    "parent": [Circular],
                    "prev": null,
                    "type": "tag",
                    "x-attribsNamespace": Object {
                      "fill": undefined,
                    },
                    "x-attribsPrefix": Object {
                      "fill": undefined,
                    },
                  },
                ],
                "name": "button",
                "namespace": "http://www.w3.org/1999/xhtml",
                "next": null,
                "parent": [Circular],
                "prev": null,
                "type": "tag",
                "x-attribsNamespace": Object {
                  "aria-expanded": undefined,
                  "aria-haspopup": undefined,
                  "class": undefined,
                  "type": undefined,
                },
                "x-attribsPrefix": Object {
                  "aria-expanded": undefined,
                  "aria-haspopup": undefined,
                  "class": undefined,
                  "type": undefined,
                },
              },
            ],
            "name": "div",
            "namespace": "http://www.w3.org/1999/xhtml",
            "next": Object {
              "attribs": Object {},
              "children": Array [],
              "name": "div",
              "namespace": "http://www.w3.org/1999/xhtml",
              "next": null,
              "parent": [Circular],
              "prev": [Circular],
              "type": "tag",
              "x-attribsNamespace": Object {},
              "x-attribsPrefix": Object {},
            },
            "parent": [Circular],
            "prev": null,
            "type": "tag",
            "x-attribsNamespace": Object {
              "class": undefined,
            },
            "x-attribsPrefix": Object {
              "class": undefined,
            },
          },
          Object {
            "attribs": Object {},
            "children": Array [],
            "name": "div",
            "namespace": "http://www.w3.org/1999/xhtml",
            "next": null,
            "parent": [Circular],
            "prev": Object {
              "attribs": Object {
                "class": "dropdown-pull-up dropdown",
              },
              "children": Array [
                Object {
                  "attribs": Object {
                    "aria-expanded": "false",
                    "aria-haspopup": "true",
                    "class": "btn-no-outline no-arrow dropdown-toggle btn btn-none btn-sm",
                    "type": "button",
                  },
                  "children": Array [
                    Object {
                      "attribs": Object {
                        "fill": "#4e1aeb",
                      },
                      "children": Array [
                        Object {
                          "data": "sort.svg",
                          "next": null,
                          "parent": [Circular],
                          "prev": null,
                          "type": "text",
                        },
                      ],
                      "name": "svg",
                      "namespace": "http://www.w3.org/2000/svg",
                      "next": null,
                      "parent": [Circular],
                      "prev": null,
                      "type": "tag",
                      "x-attribsNamespace": Object {
                        "fill": undefined,
                      },
                      "x-attribsPrefix": Object {
                        "fill": undefined,
                      },
                    },
                  ],
                  "name": "button",
                  "namespace": "http://www.w3.org/1999/xhtml",
                  "next": null,
                  "parent": [Circular],
                  "prev": null,
                  "type": "tag",
                  "x-attribsNamespace": Object {
                    "aria-expanded": undefined,
                    "aria-haspopup": undefined,
                    "class": undefined,
                    "type": undefined,
                  },
                  "x-attribsPrefix": Object {
                    "aria-expanded": undefined,
                    "aria-haspopup": undefined,
                    "class": undefined,
                    "type": undefined,
                  },
                },
              ],
              "name": "div",
              "namespace": "http://www.w3.org/1999/xhtml",
              "next": [Circular],
              "parent": [Circular],
              "prev": null,
              "type": "tag",
              "x-attribsNamespace": Object {
                "class": undefined,
              },
              "x-attribsPrefix": Object {
                "class": undefined,
              },
            },
            "type": "tag",
            "x-attribsNamespace": Object {},
            "x-attribsPrefix": Object {},
          },
        ],
        "name": "div",
        "namespace": "http://www.w3.org/1999/xhtml",
        "next": null,
        "parent": [Circular],
        "prev": Object {
          "attribs": Object {
            "class": "tasks-column-invalid-title",
            "data-test": "columnTitle",
          },
          "children": Array [],
          "name": "h1",
          "namespace": "http://www.w3.org/1999/xhtml",
          "next": [Circular],
          "parent": [Circular],
          "prev": null,
          "type": "tag",
          "x-attribsNamespace": Object {
            "class": undefined,
            "data-test": undefined,
          },
          "x-attribsPrefix": Object {
            "class": undefined,
            "data-test": undefined,
          },
        },
        "type": "tag",
        "x-attribsNamespace": Object {
          "class": undefined,
          "data-test": undefined,
        },
        "x-attribsPrefix": Object {
          "class": undefined,
          "data-test": undefined,
        },
      },
    ],
    "name": "div",
    "namespace": "http://www.w3.org/1999/xhtml",
    "next": null,
    "parent": null,
    "prev": null,
    "root": Object {
      "attribs": Object {},
      "children": Array [
        [Circular],
      ],
      "name": "root",
      "namespace": "http://www.w3.org/1999/xhtml",
      "next": null,
      "parent": null,
      "prev": null,
      "type": "root",
      "x-attribsNamespace": Object {},
      "x-attribsPrefix": Object {},
    },
    "type": "tag",
    "x-attribsNamespace": Object {
      "class": undefined,
    },
    "x-attribsPrefix": Object {
      "class": undefined,
    },
  },
  "_root": [Circular],
  "length": 1,
  "options": Object {
    "decodeEntities": true,
    "normalizeWhitespace": false,
    "withDomLvl1": true,
    "xml": false,
  },
}
`;
